// Jest Snapshot v1, https://goo.gl/fbAQLP

exports[`App test renders properly 1`] = `
<div
  className="App"
>
  <input
    className="result_input"
    readOnly={true}
    type="text"
    value="0"
  />
  <button
    className="clear_result"
    type="button"
  >
    Clear
  </button>
  <button
    className="operator"
    type="button"
  >
    -
  </button>
  <button
    className="digit"
    type="button"
  >
    7
  </button>
  <button
    className="digit"
    type="button"
  >
    8
  </button>
  <button
    className="digit"
    type="button"
  >
    9
  </button>
  <button
    className="operator"
    type="button"
  >
    /
  </button>
  <button
    className="digit"
    type="button"
  >
    4
  </button>
  <button
    className="digit"
    type="button"
  >
    5
  </button>
  <button
    className="digit"
    type="button"
  >
    6
  </button>
  <button
    className="operator"
    type="button"
  >
    *
  </button>
  <button
    className="digit"
    type="button"
  >
    1
  </button>
  <button
    className="digit"
    type="button"
  >
    2
  </button>
  <button
    className="digit"
    type="button"
  >
    3
  </button>
  <button
    className="operator"
    type="button"
  >
    +
  </button>
  <button
    className="digit"
    type="button"
  >
    0
  </button>
  <button
    className="digit"
    type="button"
  >
    .
  </button>
  <button
    className="equal"
    type="button"
  >
    =
  </button>
</div>
`;
